// Jest Snapshot v1, https://goo.gl/fbAQLP

exports[`creating details compoennet snapshot 1`] = `ShallowWrapper {}`;
